output_data/
No taxid found for: 1SI2_B
No taxid found for: 2XLI_B
No taxid found for: 3O3F_D
No taxid found for: 4HHT_D
No taxid found for: 4C8Y_C
No taxid found for: 1OFX_B
No taxid found for: 398D_B
No taxid found for: 398D_D
No taxid found for: 354D_B
No taxid found for: 357D_A
No taxid found for: 3QRQ_B
No taxid found for: 3ZD5_B
No taxid found for: 2H0S_A
No taxid found for: 3VAK_P
No taxid found for: 3VAK_E
No taxid found for: 4K4V_C
No taxid found for: 4KHW_T
No taxid found for: 4KHU_T
No taxid found for: 4Q5V_B
No taxid found for: 4Q5V_F
No taxid found for: 4R8I_B
No taxid found for: 5BS3_E
No taxid found for: 5BS3_F
No taxid found for: 5K7C_B
No taxid found for: 5KGV_A
No taxid found for: 5KI7_A
No taxid found for: 5KIB_A
No taxid found for: 5Y85_B
No taxid found for: 5Y85_D
No taxid found for: NG_014809
No taxid found for: 8A11_E
